// Jest Snapshot v1, https://goo.gl/fbAQLP

exports[`renders SessionsTable correctly 1`] = `
ShallowWrapper {
  "length": 1,
  Symbol(enzyme.__root__): [Circular],
  Symbol(enzyme.__unrendered__): <SessionsTable
    sessionData={
        Array [
            Object {
              "date": "2018-07-31",
              "duration": 1500000,
              "id": 1,
              "sessionName": "baz",
            },
            Object {
              "date": "2018-07-31",
              "duration": 1500000,
              "id": 2,
              "sessionName": "yup",
            },
            Object {
              "date": "2018-07-31",
              "duration": 1500000,
              "id": 3,
              "sessionName": "neam",
            },
            Object {
              "date": "2018-07-31",
              "duration": 1500000,
              "id": 4,
              "sessionName": "maz",
            },
            Object {
              "date": "2018-07-31",
              "duration": 1500000,
              "id": 5,
              "sessionName": "gaz",
            },
            Object {
              "date": "2018-07-31",
              "duration": 1500000,
              "id": 6,
              "sessionName": "zaz",
            },
            Object {
              "date": "2018-07-31",
              "duration": 1500000,
              "id": 7,
              "sessionName": "zaz",
            },
            Object {
              "date": "2018-07-31",
              "duration": 1500000,
              "id": 8,
              "sessionName": "zaz",
            },
            Object {
              "date": "2018-07-31",
              "duration": 1500000,
              "id": 9,
              "sessionName": "zaz",
            },
            Object {
              "date": "2018-07-31",
              "duration": 600000,
              "id": 10,
              "sessionName": "zaz",
            },
          ]
    }
/>,
  Symbol(enzyme.__renderer__): Object {
    "batchedUpdates": [Function],
    "getNode": [Function],
    "render": [Function],
    "simulateEvent": [Function],
    "unmount": [Function],
  },
  Symbol(enzyme.__node__): Object {
    "instance": null,
    "key": undefined,
    "nodeType": "host",
    "props": Object {
      "children": Array [
        <thead>
          <tr>
                    <th>
                              Name
                    </th>
                    <th>
                              Session/Time
                    </th>
          </tr>
</thead>,
        <tbody>
          <DataRow
                    firstCol="baz"
                    secondCol="1 / 25 min"
          />
          <DataRow
                    firstCol="yup"
                    secondCol="1 / 25 min"
          />
          <DataRow
                    firstCol="neam"
                    secondCol="1 / 25 min"
          />
          <DataRow
                    firstCol="maz"
                    secondCol="1 / 25 min"
          />
          <DataRow
                    firstCol="gaz"
                    secondCol="1 / 25 min"
          />
          <DataRow
                    firstCol="zaz"
                    secondCol="5 / 1 h 50 min"
          />
</tbody>,
        <tfoot>
          <tr>
                    <td>
                              Total
                    </td>
                    <td>
                              10 / 3 h 55 min
                    </td>
          </tr>
</tfoot>,
      ],
      "className": "SessionsTable",
    },
    "ref": null,
    "rendered": Array [
      Object {
        "instance": null,
        "key": undefined,
        "nodeType": "host",
        "props": Object {
          "children": <tr>
            <th>
                        Name
            </th>
            <th>
                        Session/Time
            </th>
</tr>,
        },
        "ref": null,
        "rendered": Object {
          "instance": null,
          "key": undefined,
          "nodeType": "host",
          "props": Object {
            "children": Array [
              <th>
                Name
</th>,
              <th>
                Session/Time
</th>,
            ],
          },
          "ref": null,
          "rendered": Array [
            Object {
              "instance": null,
              "key": undefined,
              "nodeType": "host",
              "props": Object {
                "children": "Name",
              },
              "ref": null,
              "rendered": "Name",
              "type": "th",
            },
            Object {
              "instance": null,
              "key": undefined,
              "nodeType": "host",
              "props": Object {
                "children": "Session/Time",
              },
              "ref": null,
              "rendered": "Session/Time",
              "type": "th",
            },
          ],
          "type": "tr",
        },
        "type": "thead",
      },
      Object {
        "instance": null,
        "key": undefined,
        "nodeType": "host",
        "props": Object {
          "children": Array [
            <DataRow
              firstCol="baz"
              secondCol="1 / 25 min"
/>,
            <DataRow
              firstCol="yup"
              secondCol="1 / 25 min"
/>,
            <DataRow
              firstCol="neam"
              secondCol="1 / 25 min"
/>,
            <DataRow
              firstCol="maz"
              secondCol="1 / 25 min"
/>,
            <DataRow
              firstCol="gaz"
              secondCol="1 / 25 min"
/>,
            <DataRow
              firstCol="zaz"
              secondCol="5 / 1 h 50 min"
/>,
          ],
        },
        "ref": null,
        "rendered": Array [
          Object {
            "instance": null,
            "key": "0",
            "nodeType": "function",
            "props": Object {
              "firstCol": "baz",
              "secondCol": "1 / 25 min",
            },
            "ref": null,
            "rendered": null,
            "type": [Function],
          },
          Object {
            "instance": null,
            "key": "1",
            "nodeType": "function",
            "props": Object {
              "firstCol": "yup",
              "secondCol": "1 / 25 min",
            },
            "ref": null,
            "rendered": null,
            "type": [Function],
          },
          Object {
            "instance": null,
            "key": "2",
            "nodeType": "function",
            "props": Object {
              "firstCol": "neam",
              "secondCol": "1 / 25 min",
            },
            "ref": null,
            "rendered": null,
            "type": [Function],
          },
          Object {
            "instance": null,
            "key": "3",
            "nodeType": "function",
            "props": Object {
              "firstCol": "maz",
              "secondCol": "1 / 25 min",
            },
            "ref": null,
            "rendered": null,
            "type": [Function],
          },
          Object {
            "instance": null,
            "key": "4",
            "nodeType": "function",
            "props": Object {
              "firstCol": "gaz",
              "secondCol": "1 / 25 min",
            },
            "ref": null,
            "rendered": null,
            "type": [Function],
          },
          Object {
            "instance": null,
            "key": "5",
            "nodeType": "function",
            "props": Object {
              "firstCol": "zaz",
              "secondCol": "5 / 1 h 50 min",
            },
            "ref": null,
            "rendered": null,
            "type": [Function],
          },
        ],
        "type": "tbody",
      },
      Object {
        "instance": null,
        "key": undefined,
        "nodeType": "host",
        "props": Object {
          "children": <tr>
            <td>
                        Total
            </td>
            <td>
                        10 / 3 h 55 min
            </td>
</tr>,
        },
        "ref": null,
        "rendered": Object {
          "instance": null,
          "key": undefined,
          "nodeType": "host",
          "props": Object {
            "children": Array [
              <td>
                Total
</td>,
              <td>
                10 / 3 h 55 min
</td>,
            ],
          },
          "ref": null,
          "rendered": Array [
            Object {
              "instance": null,
              "key": undefined,
              "nodeType": "host",
              "props": Object {
                "children": "Total",
              },
              "ref": null,
              "rendered": "Total",
              "type": "td",
            },
            Object {
              "instance": null,
              "key": undefined,
              "nodeType": "host",
              "props": Object {
                "children": "10 / 3 h 55 min",
              },
              "ref": null,
              "rendered": "10 / 3 h 55 min",
              "type": "td",
            },
          ],
          "type": "tr",
        },
        "type": "tfoot",
      },
    ],
    "type": "table",
  },
  Symbol(enzyme.__nodes__): Array [
    Object {
      "instance": null,
      "key": undefined,
      "nodeType": "host",
      "props": Object {
        "children": Array [
          <thead>
            <tr>
                        <th>
                                    Name
                        </th>
                        <th>
                                    Session/Time
                        </th>
            </tr>
</thead>,
          <tbody>
            <DataRow
                        firstCol="baz"
                        secondCol="1 / 25 min"
            />
            <DataRow
                        firstCol="yup"
                        secondCol="1 / 25 min"
            />
            <DataRow
                        firstCol="neam"
                        secondCol="1 / 25 min"
            />
            <DataRow
                        firstCol="maz"
                        secondCol="1 / 25 min"
            />
            <DataRow
                        firstCol="gaz"
                        secondCol="1 / 25 min"
            />
            <DataRow
                        firstCol="zaz"
                        secondCol="5 / 1 h 50 min"
            />
</tbody>,
          <tfoot>
            <tr>
                        <td>
                                    Total
                        </td>
                        <td>
                                    10 / 3 h 55 min
                        </td>
            </tr>
</tfoot>,
        ],
        "className": "SessionsTable",
      },
      "ref": null,
      "rendered": Array [
        Object {
          "instance": null,
          "key": undefined,
          "nodeType": "host",
          "props": Object {
            "children": <tr>
              <th>
                            Name
              </th>
              <th>
                            Session/Time
              </th>
</tr>,
          },
          "ref": null,
          "rendered": Object {
            "instance": null,
            "key": undefined,
            "nodeType": "host",
            "props": Object {
              "children": Array [
                <th>
                  Name
</th>,
                <th>
                  Session/Time
</th>,
              ],
            },
            "ref": null,
            "rendered": Array [
              Object {
                "instance": null,
                "key": undefined,
                "nodeType": "host",
                "props": Object {
                  "children": "Name",
                },
                "ref": null,
                "rendered": "Name",
                "type": "th",
              },
              Object {
                "instance": null,
                "key": undefined,
                "nodeType": "host",
                "props": Object {
                  "children": "Session/Time",
                },
                "ref": null,
                "rendered": "Session/Time",
                "type": "th",
              },
            ],
            "type": "tr",
          },
          "type": "thead",
        },
        Object {
          "instance": null,
          "key": undefined,
          "nodeType": "host",
          "props": Object {
            "children": Array [
              <DataRow
                firstCol="baz"
                secondCol="1 / 25 min"
/>,
              <DataRow
                firstCol="yup"
                secondCol="1 / 25 min"
/>,
              <DataRow
                firstCol="neam"
                secondCol="1 / 25 min"
/>,
              <DataRow
                firstCol="maz"
                secondCol="1 / 25 min"
/>,
              <DataRow
                firstCol="gaz"
                secondCol="1 / 25 min"
/>,
              <DataRow
                firstCol="zaz"
                secondCol="5 / 1 h 50 min"
/>,
            ],
          },
          "ref": null,
          "rendered": Array [
            Object {
              "instance": null,
              "key": "0",
              "nodeType": "function",
              "props": Object {
                "firstCol": "baz",
                "secondCol": "1 / 25 min",
              },
              "ref": null,
              "rendered": null,
              "type": [Function],
            },
            Object {
              "instance": null,
              "key": "1",
              "nodeType": "function",
              "props": Object {
                "firstCol": "yup",
                "secondCol": "1 / 25 min",
              },
              "ref": null,
              "rendered": null,
              "type": [Function],
            },
            Object {
              "instance": null,
              "key": "2",
              "nodeType": "function",
              "props": Object {
                "firstCol": "neam",
                "secondCol": "1 / 25 min",
              },
              "ref": null,
              "rendered": null,
              "type": [Function],
            },
            Object {
              "instance": null,
              "key": "3",
              "nodeType": "function",
              "props": Object {
                "firstCol": "maz",
                "secondCol": "1 / 25 min",
              },
              "ref": null,
              "rendered": null,
              "type": [Function],
            },
            Object {
              "instance": null,
              "key": "4",
              "nodeType": "function",
              "props": Object {
                "firstCol": "gaz",
                "secondCol": "1 / 25 min",
              },
              "ref": null,
              "rendered": null,
              "type": [Function],
            },
            Object {
              "instance": null,
              "key": "5",
              "nodeType": "function",
              "props": Object {
                "firstCol": "zaz",
                "secondCol": "5 / 1 h 50 min",
              },
              "ref": null,
              "rendered": null,
              "type": [Function],
            },
          ],
          "type": "tbody",
        },
        Object {
          "instance": null,
          "key": undefined,
          "nodeType": "host",
          "props": Object {
            "children": <tr>
              <td>
                            Total
              </td>
              <td>
                            10 / 3 h 55 min
              </td>
</tr>,
          },
          "ref": null,
          "rendered": Object {
            "instance": null,
            "key": undefined,
            "nodeType": "host",
            "props": Object {
              "children": Array [
                <td>
                  Total
</td>,
                <td>
                  10 / 3 h 55 min
</td>,
              ],
            },
            "ref": null,
            "rendered": Array [
              Object {
                "instance": null,
                "key": undefined,
                "nodeType": "host",
                "props": Object {
                  "children": "Total",
                },
                "ref": null,
                "rendered": "Total",
                "type": "td",
              },
              Object {
                "instance": null,
                "key": undefined,
                "nodeType": "host",
                "props": Object {
                  "children": "10 / 3 h 55 min",
                },
                "ref": null,
                "rendered": "10 / 3 h 55 min",
                "type": "td",
              },
            ],
            "type": "tr",
          },
          "type": "tfoot",
        },
      ],
      "type": "table",
    },
  ],
  Symbol(enzyme.__options__): Object {
    "adapter": ReactSixteenAdapter {
      "options": Object {
        "enableComponentDidUpdateOnSetState": true,
      },
    },
  },
}
`;
