// Jest Snapshot v1, https://goo.gl/fbAQLP

exports[`renders Delete 1`] = `
ShallowWrapper {
  "length": 1,
  Symbol(enzyme.__root__): [Circular],
  Symbol(enzyme.__unrendered__): <Delete
    initValue=""
/>,
  Symbol(enzyme.__renderer__): Object {
    "batchedUpdates": [Function],
    "getNode": [Function],
    "render": [Function],
    "simulateEvent": [Function],
    "unmount": [Function],
  },
  Symbol(enzyme.__node__): Object {
    "instance": null,
    "key": undefined,
    "nodeType": "host",
    "props": Object {
      "children": Array [
        <h2>
          Delete
</h2>,
        <p>
          Delete session 
          
</p>,
        <button
          onClick={[Function]}
>
          Delete
</button>,
        <button
          onClick={undefined}
>
          Cancel
</button>,
      ],
    },
    "ref": null,
    "rendered": Array [
      Object {
        "instance": null,
        "key": undefined,
        "nodeType": "host",
        "props": Object {
          "children": "Delete",
        },
        "ref": null,
        "rendered": "Delete",
        "type": "h2",
      },
      Object {
        "instance": null,
        "key": undefined,
        "nodeType": "host",
        "props": Object {
          "children": Array [
            "Delete session ",
            "",
          ],
        },
        "ref": null,
        "rendered": Array [
          "Delete session ",
          "",
        ],
        "type": "p",
      },
      Object {
        "instance": null,
        "key": undefined,
        "nodeType": "host",
        "props": Object {
          "children": "Delete",
          "onClick": [Function],
        },
        "ref": null,
        "rendered": "Delete",
        "type": "button",
      },
      Object {
        "instance": null,
        "key": undefined,
        "nodeType": "host",
        "props": Object {
          "children": "Cancel",
          "onClick": undefined,
        },
        "ref": null,
        "rendered": "Cancel",
        "type": "button",
      },
    ],
    "type": "div",
  },
  Symbol(enzyme.__nodes__): Array [
    Object {
      "instance": null,
      "key": undefined,
      "nodeType": "host",
      "props": Object {
        "children": Array [
          <h2>
            Delete
</h2>,
          <p>
            Delete session 
            
</p>,
          <button
            onClick={[Function]}
>
            Delete
</button>,
          <button
            onClick={undefined}
>
            Cancel
</button>,
        ],
      },
      "ref": null,
      "rendered": Array [
        Object {
          "instance": null,
          "key": undefined,
          "nodeType": "host",
          "props": Object {
            "children": "Delete",
          },
          "ref": null,
          "rendered": "Delete",
          "type": "h2",
        },
        Object {
          "instance": null,
          "key": undefined,
          "nodeType": "host",
          "props": Object {
            "children": Array [
              "Delete session ",
              "",
            ],
          },
          "ref": null,
          "rendered": Array [
            "Delete session ",
            "",
          ],
          "type": "p",
        },
        Object {
          "instance": null,
          "key": undefined,
          "nodeType": "host",
          "props": Object {
            "children": "Delete",
            "onClick": [Function],
          },
          "ref": null,
          "rendered": "Delete",
          "type": "button",
        },
        Object {
          "instance": null,
          "key": undefined,
          "nodeType": "host",
          "props": Object {
            "children": "Cancel",
            "onClick": undefined,
          },
          "ref": null,
          "rendered": "Cancel",
          "type": "button",
        },
      ],
      "type": "div",
    },
  ],
  Symbol(enzyme.__options__): Object {
    "adapter": ReactSixteenAdapter {
      "options": Object {
        "enableComponentDidUpdateOnSetState": true,
      },
    },
  },
}
`;
