// Jest Snapshot v1, https://goo.gl/fbAQLP

exports[`renders SessionsTable correctly 1`] = `
ShallowWrapper {
  "length": 1,
  Symbol(enzyme.__root__): [Circular],
  Symbol(enzyme.__unrendered__): <SessionsTable
    sessionData={
        Array [
            Object {
              "count": 5,
              "sessionName": "app",
              "timeInMillis": 0,
            },
            Object {
              "count": 4,
              "sessionName": "guru",
              "timeInMillis": 6000000,
            },
            Object {
              "count": 1,
              "sessionName": "zeta",
              "timeInMillis": 1500000,
            },
            Object {
              "count": 0,
              "sessionName": "null",
              "timeInMillis": 7200000,
            },
          ]
    }
/>,
  Symbol(enzyme.__renderer__): Object {
    "batchedUpdates": [Function],
    "getNode": [Function],
    "render": [Function],
    "simulateEvent": [Function],
    "unmount": [Function],
  },
  Symbol(enzyme.__node__): Object {
    "instance": null,
    "key": undefined,
    "nodeType": "host",
    "props": Object {
      "children": Array [
        <thead>
          <tr>
                    <th>
                              Name
                    </th>
                    <th>
                              Session/Time
                    </th>
          </tr>
</thead>,
        <tbody>
          <DataRow
                    firstCol="app"
                    secondCol="5 / 0 min"
          />
          <DataRow
                    firstCol="guru"
                    secondCol="4 / 1 h 40 min"
          />
          <DataRow
                    firstCol="zeta"
                    secondCol="1 / 25 min"
          />
          <DataRow
                    firstCol="null"
                    secondCol="0 / 2 h"
          />
</tbody>,
        <tfoot>
          <tr>
                    <td>
                              Total
                    </td>
                    <td>
                              10 / 4 h 5 min
                    </td>
          </tr>
</tfoot>,
      ],
      "className": "SessionsTable",
    },
    "ref": null,
    "rendered": Array [
      Object {
        "instance": null,
        "key": undefined,
        "nodeType": "host",
        "props": Object {
          "children": <tr>
            <th>
                        Name
            </th>
            <th>
                        Session/Time
            </th>
</tr>,
        },
        "ref": null,
        "rendered": Object {
          "instance": null,
          "key": undefined,
          "nodeType": "host",
          "props": Object {
            "children": Array [
              <th>
                Name
</th>,
              <th>
                Session/Time
</th>,
            ],
          },
          "ref": null,
          "rendered": Array [
            Object {
              "instance": null,
              "key": undefined,
              "nodeType": "host",
              "props": Object {
                "children": "Name",
              },
              "ref": null,
              "rendered": "Name",
              "type": "th",
            },
            Object {
              "instance": null,
              "key": undefined,
              "nodeType": "host",
              "props": Object {
                "children": "Session/Time",
              },
              "ref": null,
              "rendered": "Session/Time",
              "type": "th",
            },
          ],
          "type": "tr",
        },
        "type": "thead",
      },
      Object {
        "instance": null,
        "key": undefined,
        "nodeType": "host",
        "props": Object {
          "children": Array [
            <DataRow
              firstCol="app"
              secondCol="5 / 0 min"
/>,
            <DataRow
              firstCol="guru"
              secondCol="4 / 1 h 40 min"
/>,
            <DataRow
              firstCol="zeta"
              secondCol="1 / 25 min"
/>,
            <DataRow
              firstCol="null"
              secondCol="0 / 2 h"
/>,
          ],
        },
        "ref": null,
        "rendered": Array [
          Object {
            "instance": null,
            "key": "app",
            "nodeType": "function",
            "props": Object {
              "firstCol": "app",
              "secondCol": "5 / 0 min",
            },
            "ref": null,
            "rendered": null,
            "type": [Function],
          },
          Object {
            "instance": null,
            "key": "guru",
            "nodeType": "function",
            "props": Object {
              "firstCol": "guru",
              "secondCol": "4 / 1 h 40 min",
            },
            "ref": null,
            "rendered": null,
            "type": [Function],
          },
          Object {
            "instance": null,
            "key": "zeta",
            "nodeType": "function",
            "props": Object {
              "firstCol": "zeta",
              "secondCol": "1 / 25 min",
            },
            "ref": null,
            "rendered": null,
            "type": [Function],
          },
          Object {
            "instance": null,
            "key": "null",
            "nodeType": "function",
            "props": Object {
              "firstCol": "null",
              "secondCol": "0 / 2 h",
            },
            "ref": null,
            "rendered": null,
            "type": [Function],
          },
        ],
        "type": "tbody",
      },
      Object {
        "instance": null,
        "key": undefined,
        "nodeType": "host",
        "props": Object {
          "children": <tr>
            <td>
                        Total
            </td>
            <td>
                        10 / 4 h 5 min
            </td>
</tr>,
        },
        "ref": null,
        "rendered": Object {
          "instance": null,
          "key": undefined,
          "nodeType": "host",
          "props": Object {
            "children": Array [
              <td>
                Total
</td>,
              <td>
                10 / 4 h 5 min
</td>,
            ],
          },
          "ref": null,
          "rendered": Array [
            Object {
              "instance": null,
              "key": undefined,
              "nodeType": "host",
              "props": Object {
                "children": "Total",
              },
              "ref": null,
              "rendered": "Total",
              "type": "td",
            },
            Object {
              "instance": null,
              "key": undefined,
              "nodeType": "host",
              "props": Object {
                "children": "10 / 4 h 5 min",
              },
              "ref": null,
              "rendered": "10 / 4 h 5 min",
              "type": "td",
            },
          ],
          "type": "tr",
        },
        "type": "tfoot",
      },
    ],
    "type": "table",
  },
  Symbol(enzyme.__nodes__): Array [
    Object {
      "instance": null,
      "key": undefined,
      "nodeType": "host",
      "props": Object {
        "children": Array [
          <thead>
            <tr>
                        <th>
                                    Name
                        </th>
                        <th>
                                    Session/Time
                        </th>
            </tr>
</thead>,
          <tbody>
            <DataRow
                        firstCol="app"
                        secondCol="5 / 0 min"
            />
            <DataRow
                        firstCol="guru"
                        secondCol="4 / 1 h 40 min"
            />
            <DataRow
                        firstCol="zeta"
                        secondCol="1 / 25 min"
            />
            <DataRow
                        firstCol="null"
                        secondCol="0 / 2 h"
            />
</tbody>,
          <tfoot>
            <tr>
                        <td>
                                    Total
                        </td>
                        <td>
                                    10 / 4 h 5 min
                        </td>
            </tr>
</tfoot>,
        ],
        "className": "SessionsTable",
      },
      "ref": null,
      "rendered": Array [
        Object {
          "instance": null,
          "key": undefined,
          "nodeType": "host",
          "props": Object {
            "children": <tr>
              <th>
                            Name
              </th>
              <th>
                            Session/Time
              </th>
</tr>,
          },
          "ref": null,
          "rendered": Object {
            "instance": null,
            "key": undefined,
            "nodeType": "host",
            "props": Object {
              "children": Array [
                <th>
                  Name
</th>,
                <th>
                  Session/Time
</th>,
              ],
            },
            "ref": null,
            "rendered": Array [
              Object {
                "instance": null,
                "key": undefined,
                "nodeType": "host",
                "props": Object {
                  "children": "Name",
                },
                "ref": null,
                "rendered": "Name",
                "type": "th",
              },
              Object {
                "instance": null,
                "key": undefined,
                "nodeType": "host",
                "props": Object {
                  "children": "Session/Time",
                },
                "ref": null,
                "rendered": "Session/Time",
                "type": "th",
              },
            ],
            "type": "tr",
          },
          "type": "thead",
        },
        Object {
          "instance": null,
          "key": undefined,
          "nodeType": "host",
          "props": Object {
            "children": Array [
              <DataRow
                firstCol="app"
                secondCol="5 / 0 min"
/>,
              <DataRow
                firstCol="guru"
                secondCol="4 / 1 h 40 min"
/>,
              <DataRow
                firstCol="zeta"
                secondCol="1 / 25 min"
/>,
              <DataRow
                firstCol="null"
                secondCol="0 / 2 h"
/>,
            ],
          },
          "ref": null,
          "rendered": Array [
            Object {
              "instance": null,
              "key": "app",
              "nodeType": "function",
              "props": Object {
                "firstCol": "app",
                "secondCol": "5 / 0 min",
              },
              "ref": null,
              "rendered": null,
              "type": [Function],
            },
            Object {
              "instance": null,
              "key": "guru",
              "nodeType": "function",
              "props": Object {
                "firstCol": "guru",
                "secondCol": "4 / 1 h 40 min",
              },
              "ref": null,
              "rendered": null,
              "type": [Function],
            },
            Object {
              "instance": null,
              "key": "zeta",
              "nodeType": "function",
              "props": Object {
                "firstCol": "zeta",
                "secondCol": "1 / 25 min",
              },
              "ref": null,
              "rendered": null,
              "type": [Function],
            },
            Object {
              "instance": null,
              "key": "null",
              "nodeType": "function",
              "props": Object {
                "firstCol": "null",
                "secondCol": "0 / 2 h",
              },
              "ref": null,
              "rendered": null,
              "type": [Function],
            },
          ],
          "type": "tbody",
        },
        Object {
          "instance": null,
          "key": undefined,
          "nodeType": "host",
          "props": Object {
            "children": <tr>
              <td>
                            Total
              </td>
              <td>
                            10 / 4 h 5 min
              </td>
</tr>,
          },
          "ref": null,
          "rendered": Object {
            "instance": null,
            "key": undefined,
            "nodeType": "host",
            "props": Object {
              "children": Array [
                <td>
                  Total
</td>,
                <td>
                  10 / 4 h 5 min
</td>,
              ],
            },
            "ref": null,
            "rendered": Array [
              Object {
                "instance": null,
                "key": undefined,
                "nodeType": "host",
                "props": Object {
                  "children": "Total",
                },
                "ref": null,
                "rendered": "Total",
                "type": "td",
              },
              Object {
                "instance": null,
                "key": undefined,
                "nodeType": "host",
                "props": Object {
                  "children": "10 / 4 h 5 min",
                },
                "ref": null,
                "rendered": "10 / 4 h 5 min",
                "type": "td",
              },
            ],
            "type": "tr",
          },
          "type": "tfoot",
        },
      ],
      "type": "table",
    },
  ],
  Symbol(enzyme.__options__): Object {
    "adapter": ReactSixteenAdapter {
      "options": Object {
        "enableComponentDidUpdateOnSetState": true,
      },
    },
  },
}
`;
